[    0.000000] Initializing cgroup subsys cpuset
[    0.000000] Initializing cgroup subsys cpu
[    0.000000] Initializing cgroup subsys cpuacct
[    0.000000] Linux version 4.4.0-210-generic (buildd@lgw01-amd64-009) (gcc version 5.4.0 20160609 (Ubuntu 5.4.0-6ubuntu1~16.04.12) ) #242-Ubuntu SMP Fri Apr 16 09:57:56 UTC 2021 (Ubuntu 4.4.0-210.242-generic 4.4.262)
[    0.000000] Command line: BOOT_IMAGE=/boot/vmlinuz-4.4.0-210-generic root=LABEL=cloudimg-rootfs ro console=tty1 console=ttyS0
[    0.000000] KERNEL supported cpus:
[    0.000000]   Intel GenuineIntel
[    0.000000]   AMD AuthenticAMD
[    0.000000]   Centaur CentaurHauls
[    0.000000] x86/fpu: xstate_offset[2]:  576, xstate_sizes[2]:  256
[    0.000000] x86/fpu: Supporting XSAVE feature 0x01: 'x87 floating point registers'
[    0.000000] x86/fpu: Supporting XSAVE feature 0x02: 'SSE registers'
[    0.000000] x86/fpu: Supporting XSAVE feature 0x04: 'AVX registers'
[    0.000000] x86/fpu: Enabled xstate features 0x7, context size is 832 bytes, using 'standard' format.
[    0.000000] e820: BIOS-provided physical RAM map:
[    0.000000] BIOS-e820: [mem 0x0000000000000000-0x000000000009fbff] usable
[    0.000000] BIOS-e820: [mem 0x000000000009fc00-0x000000000009ffff] reserved
[    0.000000] BIOS-e820: [mem 0x00000000000f0000-0x00000000000fffff] reserved
[    0.000000] BIOS-e820: [mem 0x0000000000100000-0x00000000dffeffff] usable
[    0.000000] BIOS-e820: [mem 0x00000000dfff0000-0x00000000dfffffff] ACPI data
[    0.000000] BIOS-e820: [mem 0x00000000fec00000-0x00000000fec00fff] reserved
[    0.000000] BIOS-e820: [mem 0x00000000fee00000-0x00000000fee00fff] reserved
[    0.000000] BIOS-e820: [mem 0x00000000fffc0000-0x00000000ffffffff] reserved
[    0.000000] BIOS-e820: [mem 0x0000000100000000-0x000000011fffffff] usable
[    0.000000] NX (Execute Disable) protection: active
[    0.000000] SMBIOS 2.5 present.
[    0.000000] Hypervisor detected: KVM
[    0.000000] e820: last_pfn = 0x120000 max_arch_pfn = 0x400000000
[    0.000000] MTRR: Disabled
[    0.000000] x86/PAT: MTRRs disabled, skipping PAT initialization too.
[    0.000000] CPU MTRRs all blank - virtualized system.
[    0.000000] x86/PAT: Configuration [0-7]: WB  WT  UC- UC  WB  WT  UC- UC  
[    0.000000] e820: last_pfn = 0xdfff0 max_arch_pfn = 0x400000000
[    0.000000] found SMP MP-table at [mem 0x0009fff0-0x0009ffff] mapped at [ffff88000009fff0]
[    0.000000] Scanning 1 areas for low memory corruption
[    0.000000] RAMDISK: [mem 0x362dc000-0x37165fff]
[    0.000000] ACPI: Early table checksum verification disabled
[    0.000000] ACPI: RSDP 0x00000000000E0000 000024 (v02 VBOX  )
[    0.000000] ACPI: XSDT 0x00000000DFFF0030 00003C (v01 VBOX   VBOXXSDT 00000001 ASL  00000061)
[    0.000000] ACPI: FACP 0x00000000DFFF00F0 0000F4 (v04 VBOX   VBOXFACP 00000001 ASL  00000061)
[    0.000000] ACPI: DSDT 0x00000000DFFF0610 002353 (v02 VBOX   VBOXBIOS 00000002 INTL 20230628)
[    0.000000] ACPI: FACS 0x00000000DFFF0200 000040
[    0.000000] ACPI: FACS 0x00000000DFFF0200 000040
[    0.000000] ACPI: APIC 0x00000000DFFF0240 00005C (v02 VBOX   VBOXAPIC 00000001 ASL  00000061)
[    0.000000] ACPI: SSDT 0x00000000DFFF02A0 00036C (v01 VBOX   VBOXCPUT 00000002 INTL 20230628)
[    0.000000] No NUMA configuration found
[    0.000000] Faking a node at [mem 0x0000000000000000-0x000000011fffffff]
[    0.000000] NODE_DATA(0) allocated [mem 0x11fff7000-0x11fffbfff]
[    0.000000] kvm-clock: Using msrs 4b564d01 and 4b564d00
[    0.000000] kvm-clock: cpu 0, msr 1:1ffef001, primary cpu clock
[    0.000000] kvm-clock: using sched offset of 3185250301 cycles
[    0.000000] clocksource: kvm-clock: mask: 0xffffffffffffffff max_cycles: 0x1cd42e4dffb, max_idle_ns: 881590591483 ns
[    0.000000] Zone ranges:
[    0.000000]   DMA      [mem 0x0000000000001000-0x0000000000ffffff]
[    0.000000]   DMA32    [mem 0x0000000001000000-0x00000000ffffffff]
[    0.000000]   Normal   [mem 0x0000000100000000-0x000000011fffffff]
[    0.000000]   Device   empty
[    0.000000] Movable zone start for each node
[    0.000000] Early memory node ranges
[    0.000000]   node   0: [mem 0x0000000000001000-0x000000000009efff]
[    0.000000]   node   0: [mem 0x0000000000100000-0x00000000dffeffff]
[    0.000000]   node   0: [mem 0x0000000100000000-0x000000011fffffff]
[    0.000000] Initmem setup node 0 [mem 0x0000000000001000-0x000000011fffffff]
[    0.000000] ACPI: PM-Timer IO Port: 0x4008
[    0.000000] IOAPIC[0]: apic_id 2, version 32, address 0xfec00000, GSI 0-23
[    0.000000] ACPI: INT_SRC_OVR (bus 0 bus_irq 0 global_irq 2 dfl dfl)
[    0.000000] ACPI: INT_SRC_OVR (bus 0 bus_irq 9 global_irq 9 low level)
[    0.000000] Using ACPI (MADT) for SMP configuration information
[    0.000000] smpboot: Allowing 2 CPUs, 0 hotplug CPUs
[    0.000000] PM: Registered nosave memory: [mem 0x00000000-0x00000fff]
[    0.000000] PM: Registered nosave memory: [mem 0x0009f000-0x0009ffff]
[    0.000000] PM: Registered nosave memory: [mem 0x000a0000-0x000effff]
[    0.000000] PM: Registered nosave memory: [mem 0x000f0000-0x000fffff]
[    0.000000] PM: Registered nosave memory: [mem 0xdfff0000-0xdfffffff]
[    0.000000] PM: Registered nosave memory: [mem 0xe0000000-0xfebfffff]
[    0.000000] PM: Registered nosave memory: [mem 0xfec00000-0xfec00fff]
[    0.000000] PM: Registered nosave memory: [mem 0xfec01000-0xfedfffff]
[    0.000000] PM: Registered nosave memory: [mem 0xfee00000-0xfee00fff]
[    0.000000] PM: Registered nosave memory: [mem 0xfee01000-0xfffbffff]
[    0.000000] PM: Registered nosave memory: [mem 0xfffc0000-0xffffffff]
[    0.000000] e820: [mem 0xe0000000-0xfebfffff] available for PCI devices
[    0.000000] Booting paravirtualized kernel on KVM
[    0.000000] clocksource: refined-jiffies: mask: 0xffffffff max_cycles: 0xffffffff, max_idle_ns: 7645519600211568 ns
[    0.000000] setup_percpu: NR_CPUS:512 nr_cpumask_bits:512 nr_cpu_ids:2 nr_node_ids:1
[    0.000000] PERCPU: Embedded 33 pages/cpu @ffff88011fc00000 s95192 r8192 d31784 u1048576
[    0.000000] Built 1 zonelists in Node order, mobility grouping on.  Total pages: 1032056
[    0.000000] Policy zone: Normal
[    0.000000] Kernel command line: BOOT_IMAGE=/boot/vmlinuz-4.4.0-210-generic root=LABEL=cloudimg-rootfs ro console=tty1 console=ttyS0
[    0.000000] PID hash table entries: 4096 (order: 3, 32768 bytes)
[    0.000000] Memory: 4028304K/4193848K available (8644K kernel code, 1332K rwdata, 4044K rodata, 1492K init, 1164K bss, 165544K reserved, 0K cma-reserved)
[    0.000000] SLUB: HWalign=64, Order=0-3, MinObjects=0, CPUs=2, Nodes=1
[    0.000000] Kernel/User page tables isolation: enabled
[    0.000000] Hierarchical RCU implementation.
[    0.000000] 	Build-time adjustment of leaf fanout to 64.
[    0.000000] 	RCU restricting CPUs from NR_CPUS=512 to nr_cpu_ids=2.
[    0.000000] RCU: Adjusting geometry for rcu_fanout_leaf=64, nr_cpu_ids=2
[    0.000000] NR_IRQS:33024 nr_irqs:440 16
[    0.000000] Console: colour VGA+ 80x25
[    0.000000] console [tty1] enabled
[    0.000000] console [ttyS0] enabled
[    0.000000] tsc: Detected 2821.538 MHz processor
[    0.157363] Calibrating delay loop (skipped) preset value.. 5643.07 BogoMIPS (lpj=11286152)
[    0.159017] pid_max: default: 32768 minimum: 301
[    0.159905] ACPI: Core revision 20150930
[    0.161540] ACPI: 2 ACPI AML tables successfully acquired and loaded
[    0.162817] Security Framework initialized
[    0.163620] Yama: becoming mindful.
[    0.164344] AppArmor: AppArmor initialized
[    0.165452] Dentry cache hash table entries: 524288 (order: 10, 4194304 bytes)
[    0.167710] Inode-cache hash table entries: 262144 (order: 9, 2097152 bytes)
[    0.169222] Mount-cache hash table entries: 8192 (order: 4, 65536 bytes)
[    0.170418] Mountpoint-cache hash table entries: 8192 (order: 4, 65536 bytes)
[    0.171925] Initializing cgroup subsys io
[    0.172721] Initializing cgroup subsys memory
[    0.173616] Initializing cgroup subsys devices
[    0.174461] Initializing cgroup subsys freezer
[    0.175301] Initializing cgroup subsys net_cls
[    0.176152] Initializing cgroup subsys perf_event
[    0.177075] Initializing cgroup subsys net_prio
[    0.177947] Initializing cgroup subsys hugetlb
[    0.178752] Initializing cgroup subsys pids
[    0.185405] mce: CPU supports 0 MCE banks
[    0.186310] Last level iTLB entries: 4KB 1024, 2MB 1024, 4MB 1024
[    0.187432] Last level dTLB entries: 4KB 1024, 2MB 1024, 4MB 1024, 1GB 4
[    0.188627] Spectre V1 : Mitigation: usercopy/swapgs barriers and __user pointer sanitization
[    0.190281] Spectre V2 : Mitigation: Full generic retpoline
[    0.191365] Spectre V2 : Spectre v2 / SpectreRSB mitigation: Filling RSB on context switch
[    0.193072] Speculative Store Bypass: Vulnerable
[    0.193956] SRBDS: Unknown: Dependent on hypervisor status
[    0.194983] MDS: Mitigation: Clear CPU buffers
[    0.197627] Freeing SMP alternatives memory: 36K
[    0.202619] ftrace: allocating 32380 entries in 127 pages
[    0.246766] smpboot: APIC(0) Converting physical 0 to logical package 0
[    0.248076] smpboot: Max logical packages: 1
[    0.249071] x2apic enabled
[    0.249798] Switched APIC routing to physical x2apic.
[    0.251883] ..TIMER: vector=0x30 apic1=0 pin1=2 apic2=-1 pin2=-1
[    0.361206] smpboot: CPU0: Intel(R) Core(TM) i7-4810MQ CPU @ 2.80GHz (family: 0x6, model: 0x3c, stepping: 0x3)
[    0.363194] Performance Events: unsupported p6 CPU model 60 no PMU driver, software events only.
[    0.371131] KVM setup paravirtual spinlock
[    0.372487] x86: Booting SMP configuration:
[    0.373313] .... node  #0, CPUs:      #1
[    0.374023] kvm-clock: cpu 1, msr 1:1ffef041, secondary cpu clock
[    0.383126] mce: CPU supports 0 MCE banks
[    0.385665] x86: Booted up 1 node, 2 CPUs
[    0.386610] smpboot: Total of 2 processors activated (11286.15 BogoMIPS)
[    0.388173] devtmpfs: initialized
[    0.390254] evm: security.selinux
[    0.390970] evm: security.SMACK64
[    0.391686] evm: security.SMACK64EXEC
[    0.392416] evm: security.SMACK64TRANSMUTE
[    0.393233] evm: security.SMACK64MMAP
[    0.393977] evm: security.ima
[    0.394615] evm: security.capability
[    0.395512] clocksource: jiffies: mask: 0xffffffff max_cycles: 0xffffffff, max_idle_ns: 7645041785100000 ns
[    0.397264] futex hash table entries: 512 (order: 3, 32768 bytes)
[    0.398500] pinctrl core: initialized pinctrl subsystem
[    0.399570] RTC time:  4:16:29, date: 11/30/24
[    0.400668] NET: Registered protocol family 16
[    0.412981] cpuidle: using governor ladder
[    0.425211] cpuidle: using governor menu
[    0.426211] PCCT header not found.
[    0.427120] ACPI: bus type PCI registered
[    0.427998] acpiphp: ACPI Hot Plug PCI Controller Driver version: 0.5
[    0.429252] PCI: Using configuration type 1 for base access
[    0.441507] ACPI: Added _OSI(Module Device)
[    0.442610] ACPI: Added _OSI(Processor Device)
[    0.443631] ACPI: Added _OSI(3.0 _SCP Extensions)
[    0.444699] ACPI: Added _OSI(Processor Aggregator Device)
[    0.446516] ACPI: Executed 1 blocks of module-level executable AML code
[    0.449972] ACPI: Interpreter enabled
[    0.450875] ACPI: (supports S0 S5)
[    0.451734] ACPI: Using IOAPIC for interrupt routing
[    0.453096] PCI: Using host bridge windows from ACPI; if necessary, use "pci=nocrs" and report a bug
[    0.458195] ACPI: PCI Root Bridge [PCI0] (domain 0000 [bus 00-ff])
[    0.459458] acpi PNP0A03:00: _OSC: OS supports [ASPM ClockPM Segments MSI]
[    0.461024] acpi PNP0A03:00: _OSC: not requesting OS control; OS requires [ExtendedConfig ASPM ClockPM MSI]
[    0.462899] acpi PNP0A03:00: fail to add MMCONFIG information, can't access extended PCI configuration space under this bridge.
[    0.472538] PCI host bridge to bus 0000:00
[    0.473427] pci_bus 0000:00: root bus resource [io  0x0000-0x0cf7 window]
[    0.474605] pci_bus 0000:00: root bus resource [io  0x0d00-0xffff window]
[    0.475751] pci_bus 0000:00: root bus resource [mem 0x000a0000-0x000bffff window]
[    0.477191] pci_bus 0000:00: root bus resource [mem 0xe0000000-0xfdffffff window]
[    0.478570] pci_bus 0000:00: root bus resource [bus 00-ff]
[    0.480658] pci 0000:00:01.1: legacy IDE quirk: reg 0x10: [io  0x01f0-0x01f7]
[    0.481895] pci 0000:00:01.1: legacy IDE quirk: reg 0x14: [io  0x03f6]
[    0.483042] pci 0000:00:01.1: legacy IDE quirk: reg 0x18: [io  0x0170-0x0177]
[    0.484279] pci 0000:00:01.1: legacy IDE quirk: reg 0x1c: [io  0x0376]
[    0.528688] pci 0000:00:07.0: quirk: [io  0x4000-0x403f] claimed by PIIX4 ACPI
[    0.531071] pci 0000:00:07.0: quirk: [io  0x4100-0x410f] claimed by PIIX4 SMB
[    0.562942] ACPI: PCI Interrupt Link [LNKA] (IRQs 5 9 10 *11)
[    0.564457] ACPI: PCI Interrupt Link [LNKB] (IRQs 5 9 *10 11)
[    0.565964] ACPI: PCI Interrupt Link [LNKC] (IRQs 5 *9 10 11)
[    0.567587] ACPI: PCI Interrupt Link [LNKD] (IRQs 5 9 10 *11)
[    0.569350] ACPI: Enabled 2 GPEs in block 00 to 07
[    0.570919] vgaarb: setting as boot device: PCI:0000:00:02.0
[    0.572228] vgaarb: device added: PCI:0000:00:02.0,decodes=io+mem,owns=io+mem,locks=none
[    0.574277] vgaarb: loaded
[    0.575062] vgaarb: bridge control possible 0000:00:02.0
[    0.576598] SCSI subsystem initialized
[    0.577831] ACPI: bus type USB registered
[    0.578942] usbcore: registered new interface driver usbfs
[    0.580397] usbcore: registered new interface driver hub
[    0.581846] usbcore: registered new device driver usb
[    0.583590] PCI: Using ACPI for IRQ routing
[    0.585224] NetLabel: Initializing
[    0.586389] NetLabel:  domain hash size = 128
[    0.587733] NetLabel:  protocols = UNLABELED CIPSOv4
[    0.589209] NetLabel:  unlabeled traffic allowed by default
[    0.590858] amd_nb: Cannot enumerate AMD northbridges
[    0.592501] clocksource: Switched to clocksource kvm-clock
[    0.600596] AppArmor: AppArmor Filesystem Enabled
[    0.601879] pnp: PnP ACPI init
[    0.603791] pnp: PnP ACPI: found 3 devices
[    0.613413] clocksource: acpi_pm: mask: 0xffffff max_cycles: 0xffffff, max_idle_ns: 2085701024 ns
[    0.615739] NET: Registered protocol family 2
[    0.617083] TCP established hash table entries: 32768 (order: 6, 262144 bytes)
[    0.618973] TCP bind hash table entries: 32768 (order: 7, 524288 bytes)
[    0.620471] TCP: Hash tables configured (established 32768 bind 32768)
[    0.621786] UDP hash table entries: 2048 (order: 4, 65536 bytes)
[    0.622950] UDP-Lite hash table entries: 2048 (order: 4, 65536 bytes)
[    0.624161] NET: Registered protocol family 1
[    0.625013] pci 0000:00:00.0: Limiting direct PCI/PCI transfers
[    0.626125] pci 0000:00:01.0: Activating ISA DMA hang workarounds
[    0.627348] Unpacking initramfs...
[    0.789416] Freeing initrd memory: 14888K
[    0.790130] PCI-DMA: Using software bounce buffering for IO (SWIOTLB)
[    0.791235] software IO TLB: mapped [mem 0xdbff0000-0xdfff0000] (64MB)
[    0.792375] RAPL PMU detected, API unit is 2^-32 Joules, 4 fixed counters 10737418240 ms ovfl timer
[    0.793937] hw unit of domain pp0-core 2^-0 Joules
[    0.794757] hw unit of domain package 2^-0 Joules
[    0.795583] hw unit of domain dram 2^-0 Joules
[    0.796411] hw unit of domain pp1-gpu 2^-0 Joules
[    0.797349] clocksource: tsc: mask: 0xffffffffffffffff max_cycles: 0x28abbb2cfe5, max_idle_ns: 440795298176 ns
[    0.799271] platform rtc_cmos: registered platform RTC device (no PNP device found)
[    0.800704] Scanning for low memory corruption every 60 seconds
[    0.802061] audit: initializing netlink subsys (disabled)
[    0.803006] audit: type=2000 audit(1732940194.787:1): initialized
[    0.804247] Initialise system trusted keyring
[    0.805187] HugeTLB registered 2 MB page size, pre-allocated 0 pages
[    0.807342] zbud: loaded
[    0.808166] VFS: Disk quotas dquot_6.6.0
[    0.809039] VFS: Dquot-cache hash table entries: 512 (order 0, 4096 bytes)
[    0.810348] squashfs: version 4.0 (2009/01/31) Phillip Lougher
[    0.811553] fuse init (API version 7.23)
[    0.812451] Key type big_key registered
[    0.813222] Allocating IMA MOK and blacklist keyrings.
[    0.815190] Key type asymmetric registered
[    0.816123] Asymmetric key parser 'x509' registered
[    0.817070] Block layer SCSI generic (bsg) driver version 0.4 loaded (major 249)
[    0.818458] io scheduler noop registered
[    0.819200] io scheduler deadline registered (default)
[    0.820132] io scheduler cfq registered
[    0.821021] pci_hotplug: PCI Hot Plug PCI Core version: 0.5
[    0.822100] pciehp: PCI Express Hot Plug Controller Driver version: 0.4
[    0.823581] ACPI: AC Adapter [AC] (on-line)
[    0.824435] input: Power Button as /devices/LNXSYSTM:00/LNXPWRBN:00/input/input0
[    0.825820] ACPI: Power Button [PWRF]
[    0.826610] input: Sleep Button as /devices/LNXSYSTM:00/LNXSLPBN:00/input/input1
[    0.827968] ACPI: Sleep Button [SLPF]
[    0.828877] GHES: HEST is not enabled!
[    0.829457] ACPI: Battery Slot [BAT0] (battery present)
[    0.830816] Serial: 8250/16550 driver, 32 ports, IRQ sharing enabled
[    0.852307] 00:02: ttyS0 at I/O 0x3f8 (irq = 4, base_baud = 115200) is a 16550A
[    0.855530] Linux agpgart interface v0.103
[    0.857815] loop: module loaded
[    0.858945] scsi host0: ata_piix
[    0.859802] scsi host1: ata_piix
[    0.860577] ata1: PATA max UDMA/33 cmd 0x1f0 ctl 0x3f6 bmdma 0xd000 irq 14
[    0.861765] ata2: PATA max UDMA/33 cmd 0x170 ctl 0x376 bmdma 0xd008 irq 15
[    0.863186] libphy: Fixed MDIO Bus: probed
[    0.864007] tun: Universal TUN/TAP device driver, 1.6
[    0.864934] tun: (C) 1999-2004 Max Krasnyansky <maxk@qualcomm.com>
[    0.866066] PPP generic driver version 2.4.2
[    0.867029] ehci_hcd: USB 2.0 'Enhanced' Host Controller (EHCI) Driver
[    0.868242] ehci-pci: EHCI PCI platform driver
[    0.869139] ehci-platform: EHCI generic platform driver
[    0.870081] ohci_hcd: USB 1.1 'Open' Host Controller (OHCI) Driver
[    0.871190] ohci-pci: OHCI PCI platform driver
[    0.872057] ohci-platform: OHCI generic platform driver
[    0.873059] uhci_hcd: USB Universal Host Controller Interface driver
[    0.874293] i8042: PNP: PS/2 Controller [PNP0303:PS2K,PNP0f03:PS2M] at 0x60,0x64 irq 1,12
[    0.876184] serio: i8042 KBD port at 0x60,0x64 irq 1
[    0.877160] serio: i8042 AUX port at 0x60,0x64 irq 12
[    0.878250] mousedev: PS/2 mouse device common for all mice
[    0.879420] input: AT Translated Set 2 keyboard as /devices/platform/i8042/serio0/input/input2
[    0.881099] rtc_cmos rtc_cmos: rtc core: registered rtc_cmos as rtc0
[    0.882050] rtc_cmos rtc_cmos: alarms up to one day, 114 bytes nvram
[    0.882958] i2c /dev entries driver
[    0.883603] device-mapper: uevent: version 1.0.3
[    0.884473] device-mapper: ioctl: 4.34.0-ioctl (2015-10-28) initialised: dm-devel@redhat.com
[    0.885762] ledtrig-cpu: registered to indicate activity on CPUs
[    0.886944] NET: Registered protocol family 10
[    0.887802] NET: Registered protocol family 17
[    0.888543] Key type dns_resolver registered
[    0.889550] registered taskstats version 1
[    0.890214] Loading compiled-in X.509 certificates
[    0.891446] Loaded X.509 cert 'Build time autogenerated kernel key: cf00e047681d67edb2720680708b7d9498083038'
[    0.892967] zswap: loaded using pool lzo/zbud
[    0.895295] Key type trusted registered
[    0.898536] Key type encrypted registered
[    0.899208] AppArmor: AppArmor sha1 policy hashing enabled
[    0.899958] ima: No TPM chip found, activating TPM-bypass!
[    0.900783] ima: Allocated hash algorithm: sha1
[    0.901498] evm: HMAC attrs: 0x1
[    0.902309]   Magic number: 0:428:263
[    0.903012] rtc_cmos rtc_cmos: setting system clock to 2024-11-30 04:16:30 UTC (1732940190)
[    0.904362] BIOS EDD facility v0.16 2004-Jun-25, 0 devices found
[    0.905259] EDD information not available.
[    1.039914] Freeing unused kernel memory: 1492K
[    1.040987] Write protecting the kernel read-only data: 14336k
[    1.042539] Freeing unused kernel memory: 1584K
[    1.043706] Freeing unused kernel memory: 52K
Loading, please wait...
starting version 229
[    1.062572] random: systemd-udevd: uninitialized urandom read (16 bytes read, 1 bits of entropy available)
[    1.063919] random: udevadm: uninitialized urandom read (16 bytes read, 1 bits of entropy available)
[    1.063968] random: udevadm: uninitialized urandom read (16 bytes read, 1 bits of entropy available)
[    1.073638] random: systemd-udevd: uninitialized urandom read (16 bytes read, 1 bits of entropy available)
[    1.077196] random: systemd-udevd: uninitialized urandom read (16 bytes read, 1 bits of entropy available)
[    1.081060] random: systemd-udevd: uninitialized urandom read (16 bytes read, 1 bits of entropy available)
[    1.081525] random: udevadm: uninitialized urandom read (16 bytes read, 1 bits of entropy available)
[    1.081628] random: udevadm: uninitialized urandom read (16 bytes read, 1 bits of entropy available)
[    1.081972] random: udevadm: uninitialized urandom read (16 bytes read, 1 bits of entropy available)
[    1.082102] random: udevadm: uninitialized urandom read (16 bytes read, 1 bits of entropy available)
[    1.144646] e1000: Intel(R) PRO/1000 Network Driver - version 7.3.21-k8-NAPI
[    1.146152] e1000: Copyright (c) 1999-2006 Intel Corporation.
[    1.157102] Fusion MPT base driver 3.04.20
[    1.157997] Copyright (c) 1999-2008 LSI Corporation
[    1.178358] AVX2 version of gcm_enc/dec engaged.
[    1.179339] AES CTR mode by8 optimization enabled
[    1.182751] Fusion MPT SPI Host driver 3.04.20
[    1.365423] input: ImExPS/2 Generic Explorer Mouse as /devices/platform/i8042/serio1/input/input4
[    1.518483] e1000 0000:00:03.0 eth0: (PCI:33MHz:32-bit) 02:be:82:6b:cc:1d
[    1.519728] e1000 0000:00:03.0 eth0: Intel(R) PRO/1000 Network Connection
[    1.521427] mptbase: ioc0: Initiating bringup
[    1.593042] ioc0: LSI53C1030 A0: Capabilities={Initiator}
[    1.759483] scsi host2: ioc0: LSI53C1030 A0, FwRev=00000000h, Ports=1, MaxQ=256, IRQ=20
[    1.884219] scsi 2:0:0:0: Direct-Access     VBOX     HARDDISK         1.0  PQ: 0 ANSI: 5
[    1.892381] scsi target2:0:0: Beginning Domain Validation
[    1.902834] scsi target2:0:0: Domain Validation skipping write tests
[    1.907131] scsi target2:0:0: Ending Domain Validation
[    1.913053] scsi target2:0:0: asynchronous
[    1.920833] scsi 2:0:1:0: Direct-Access     VBOX     HARDDISK         1.0  PQ: 0 ANSI: 5
[    1.929367] scsi target2:0:1: Beginning Domain Validation
[    1.936568] scsi target2:0:1: Domain Validation skipping write tests
[    1.939544] scsi target2:0:1: Ending Domain Validation
[    1.943157] scsi target2:0:1: asynchronous
[    1.962805] sd 2:0:0:0: Attached scsi generic sg0 type 0
[    1.967255] sd 2:0:1:0: Attached scsi generic sg1 type 0
[    1.971557] sd 2:0:0:0: [sda] 83886080 512-byte logical blocks: (42.9 GB/40.0 GiB)
[    1.975653] sd 2:0:1:0: [sdb] 20480 512-byte logical blocks: (10.5 MB/10.0 MiB)
[    1.980315] sd 2:0:1:0: [sdb] Write Protect is off
[    1.982849] sd 2:0:0:0: [sda] Write Protect is off
[    1.985909] sd 2:0:1:0: [sdb] Incomplete mode parameter data
[    1.988674] sd 2:0:1:0: [sdb] Assuming drive cache: write through
[    1.991898] sd 2:0:0:0: [sda] Incomplete mode parameter data
[    1.994593] sd 2:0:0:0: [sda] Assuming drive cache: write through
[    2.002394]  sda: sda1
[    2.006183] sd 2:0:1:0: [sdb] Attached SCSI disk
[    2.008784] sd 2:0:0:0: [sda] Attached SCSI disk
[    2.279532] e1000 0000:00:08.0 eth1: (PCI:33MHz:32-bit) 08:00:27:63:dd:19
[    2.280568] e1000 0000:00:08.0 eth1: Intel(R) PRO/1000 Network Connection
[    2.282686] e1000 0000:00:03.0 enp0s3: renamed from eth0
[    2.292830] e1000 0000:00:08.0 enp0s8: renamed from eth1
Begin: Loading essential drivers ... [    3.767586] md: linear personality registered for level -1
[    3.771866] md: multipath personality registered for level -4
[    3.776636] md: raid0 personality registered for level 0
[    3.783043] md: raid1 personality registered for level 1
[    3.856515] raid6: sse2x1   gen()  8550 MB/s
[    3.924530] raid6: sse2x1   xor()  8736 MB/s
[    3.992515] raid6: sse2x2   gen() 13804 MB/s
[    4.061005] raid6: sse2x2   xor()  9311 MB/s
[    4.128524] raid6: sse2x4   gen() 16273 MB/s
[    4.196512] raid6: sse2x4   xor() 11451 MB/s
[    4.264516] raid6: avx2x1   gen() 20821 MB/s
[    4.332510] raid6: avx2x2   gen() 24642 MB/s
[    4.400508] raid6: avx2x4   gen() 28790 MB/s
[    4.401409] raid6: using algorithm avx2x4 gen() 28790 MB/s
[    4.402443] raid6: using avx2x2 recovery algorithm
[    4.404166] xor: automatically using best checksumming function:
[    4.492807]    avx       : 119328.000 MB/sec
[    4.494846] async_tx: api initialized (async)
[    4.502280] md: raid6 personality registered for level 6
[    4.503365] md: raid5 personality registered for level 5
[    4.504272] md: raid4 personality registered for level 4
[    4.510737] md: raid10 personality registered for level 10
done.
Begin: Running /scripts/init-premount ... done.
Begin: Mounting root file system ... Begin: Running /scripts/local-top ... done.
Begin: Running /scripts/local-premount ... [    4.536524] Btrfs loaded
Scanning for Btrfs filesystems
done.
Warning: fsck not present, so skipping root file system
[    4.587381] EXT4-fs (sda1): mounted filesystem with ordered data mode. Opts: (null)
done.
Begin: Running /scripts/local-bottom ... done.
Begin: Running /scripts/init-bottom ... done.
[    5.172671] systemd[1]: systemd 229 running in system mode. (+PAM +AUDIT +SELINUX +IMA +APPARMOR +SMACK +SYSVINIT +UTMP +LIBCRYPTSETUP +GCRYPT +GNUTLS +ACL +XZ -LZ4 +SECCOMP +BLKID +ELFUTILS +KMOD -IDN)
[    5.187959] systemd[1]: Detected virtualization oracle.
[    5.192770] systemd[1]: Detected architecture x86-64.

Welcome to [1mUbuntu 16.04.7 LTS[0m!

[    5.232235] systemd[1]: Set hostname to <ubuntu>.
[    5.260521] systemd[1]: Initializing machine ID from random generator.
[    5.266322] systemd[1]: Installed transient /etc/machine-id file.
[    5.986244] random: nonblocking pool is initialized
[    6.272958] systemd[1]: Started Forward Password Requests to Wall Directory Watch.
[[0;32m  OK  [0m] Started Forward Password Requests to Wall Directory Watch.
[    6.277589] systemd[1]: Reached target Encrypted Volumes.
[[0;32m  OK  [0m] Reached target Encrypted Volumes.
[    6.284395] systemd[1]: Listening on Journal Socket.
[[0;32m  OK  [0m] Listening on Journal Socket.
[    6.289416] systemd[1]: Listening on LVM2 metadata daemon socket.
[[0;32m  OK  [0m] Listening on LVM2 metadata daemon socket.
[    6.295107] systemd[1]: Listening on LVM2 poll daemon socket.
[[0;32m  OK  [0m] Listening on LVM2 poll daemon socket.
[    6.300684] systemd[1]: Listening on fsck to fsckd communication Socket.
[[0;32m  OK  [0m] Listening on fsck to fsckd communication Socket.
[    6.306150] systemd[1]: Created slice System Slice.
[[0;32m  OK  [0m] Created slice System Slice.
[    6.320872] systemd[1]: Starting File System Check on Root Device...
         Starting File System Check on Root Device...
[    6.325367] systemd[1]: Starting Nameserver information manager...
         Starting Nameserver information manager...
[    6.331735] systemd[1]: Mounting Huge Pages File System...
         Mounting Huge Pages File System...
[    6.336632] systemd[1]: Listening on udev Control Socket.
[[0;32m  OK  [0m] Listening on udev Control Socket.
[    6.346085] systemd[1]: Mounting Debug File System...
         Mounting Debug File System...
[    6.350814] systemd[1]: Started Trigger resolvconf update for networkd DNS.
[[0;32m  OK  [0m] Started Trigger resolvconf update for networkd DNS.
[    6.355647] systemd[1]: Set up automount Arbitrary Executable File Formats File System Automount Point.
[[0;32m  OK  [0m] Set up automount Arbitrary Executab...ats File System Automount Point.
[    6.362549] systemd[1]: Mounting POSIX Message Queue File System...
         Mounting POSIX Message Queue File System...
[    6.368527] systemd[1]: Starting Uncomplicated firewall...
         Starting Uncomplicated firewall...
[    6.372910] systemd[1]: Listening on Journal Audit Socket.
[[0;32m  OK  [0m] Listening on Journal Audit Socket.
[    6.376299] systemd[1]: Created slice User and Session Slice.
[[0;32m  OK  [0m] Created slice User and Session Slice.
[    6.379492] systemd[1]: Reached target Slices.
[[0;32m  OK  [0m] Reached target Slices.
[    6.382811] systemd[1]: Created slice system-serial\x2dgetty.slice.
[[0;32m  OK  [0m] Created slice system-serial\x2dgetty.slice.
[    6.412905] systemd[1]: Starting Load Kernel Modules...
         Starting Load Kernel Modules...
[    6.417061] systemd[1]: Listening on Journal Socket (/dev/log).
[[0;32m  OK  [0m] Listening on Journal Socket (/dev/log).
[    6.421917] systemd[1]: Reached target System Time Synchronized.
[[0;32m  OK  [0m] Reached target System Time Synchronized.
[    6.428419] systemd[1]: Listening on Syslog Socket.
[[0;32m  OK  [0m] Listening on Syslog Socket.
[    6.433178] systemd[1]: Starting Journal Service...
         Starting Journal Service...
[    6.444812] systemd[1]: Reached target Swap.
[[0;32m  OK  [0m] Reached target Swap.
[    6.447979] systemd[1]: Reached target User and Group Name Lookups.
[[0;32m  OK  [0m] Reached target User and Group Name Lookups.
[    6.452434] systemd[1]: Listening on /dev/initctl Compatibility Named Pipe.
[[0;32m  OK  [0m] Listening on /dev/initctl Compatibility Named Pipe.
[    6.459657] systemd[1]: Starting Create list of required static device nodes for the current kernel...
         Starting Create list of required st... nodes for the current kernel...
[    6.465675] systemd[1]: Listening on Device-mapper event daemon FIFOs.
[[0;32m  OK  [0m] Listening on Device-mapper event daemon FIFOs.
[    6.485125] systemd[1]: Starting Monitoring of LVM2 mirrors, snapshots etc. using dmeventd or progress polling...
         Starting Monitoring of LVM2 mirrors... dmeventd or progress polling...
[    6.494152] systemd[1]: Starting Set console keymap...
         Starting Set console keymap...
[    6.498543] systemd[1]: Listening on udev Kernel Socket.
[[0;32m  OK  [0m] Listening on udev Kernel Socket.
[    6.506697] systemd[1]: Mounted Huge Pages File System.
[[0;32m  OK  [0m] Mounted Huge Pages File System.
[    6.510818] systemd[1]: Mounted POSIX Message Queue File System.
[[0;32m  OK  [0m] Mounted POSIX Message Queue File System.
[    6.514745] systemd[1]: Mounted Debug File System.
[[0;32m  OK  [0m] Mounted Debug File System.
[    6.519435] systemd[1]: Started File System Check on Root Device.
[[0;32m  OK  [0m] Started File System Check on Root Device.
[    6.534209] systemd[1]: Started Uncomplicated firewall.
[[0;32m  OK  [0m] Started Uncomplicated firewall.
[    6.539024] systemd[1]: Started Create list of required static device nodes for the current kernel.
[[0;32m  OK  [0m] Started Create list of required sta...ce nodes for the current kernel.
[    6.548492] systemd[1]: Started File System Check Daemon to report status.
[[0;32m  OK  [0m] Started File System Check Daemon to report status.
[    6.555965] systemd[1]: Starting Create Static Device Nodes in /dev...
         Starting Create Static Device Nodes in /dev...
[    6.561823] Loading iSCSI transport class v2.0-870.
[    6.564898] systemd[1]: Starting Remount Root and Kernel File Systems...
         Starting Remount Root and Kernel File Systems...
[    6.571114] systemd[1]: Started Nameserver information manager.
[[0;32m  OK  [0m] Started Nameserver information manager.
[    6.607078] EXT4-fs (sda1): re-mounted. Opts: (null)
[    6.611799] systemd[1]: Started Remount Root and Kernel File Systems.
[[0;32m  OK  [0m] Started Remount Root and Kernel File Systems.
[    6.637500] systemd[1]: Starting udev Coldplug all Devices...
         Starting udev Coldplug all Devices...
[    6.644653] systemd[1]: Starting Load/Save Random Seed...
         Starting Load/Save Random Seed...
[    6.694861] iscsi: registered transport (tcp)
[    6.716309] systemd[1]: Started Journal Service.
[[0;32m  OK  [0m] Started Journal Service.
         Starting Flush Journal to Persistent Storage...
[[0;32m  OK  [0m] Started udev Coldplug all Devices.
[[0;32m  OK  [0m] Started Set console keymap.
[[0;32m  OK  [0m] Started LVM2 metadata daemon.
[    6.783213] systemd-journald[389]: Received request to flush runtime journal from PID 1
[[0;32m  OK  [0m] Started Flush Journal to Persistent Storage.
[[0;32m  OK  [0m] Started Load/Save Random Seed.
[    6.923282] iscsi: registered transport (iser)
[[0;32m  OK  [0m] Started Load Kernel Modules.
         Mounting FUSE Control File System...
         Starting Apply Kernel Variables...
[[0;32m  OK  [0m] Mounted FUSE Control File System.
[[0;32m  OK  [0m] Started Create Static Device Nodes in /dev.
         Starting udev Kernel Device Manager...
[[0;32m  OK  [0m] Started Apply Kernel Variables.
[[0;32m  OK  [0m] Started Monitoring of LVM2 mirrors,...ng dmeventd or progress polling.
[[0;32m  OK  [0m] Reached target Local File Systems (Pre).
[[0;32m  OK  [0m] Reached target Local File Systems.
         Starting Tell Plymouth To Write Out Runtime Data...
         Starting Initial cloud-init job (pre-networking)...
         Starting LSB: AppArmor initialization...
         Starting Create Volatile Files and Directories...
         Starting Set console font and keymap...
         Starting Commit a transient machine-id on disk...
[[0;32m  OK  [0m] Started udev Kernel Device Manager.
[[0;32m  OK  [0m] Started Dispatch Password Requests to Console Directory Watch.
[[0;32m  OK  [0m] Started Tell Plymouth To Write Out Runtime Data.
[[0;32m  OK  [0m] Started Commit a transient machine-id on disk.
[[0;32m  OK  [0m] Found device /dev/ttyS0.
[[0;32m  OK  [0m] Listening on Load/Save RF Kill Switch Status /dev/rfkill Watch.
[[0;32m  OK  [0m] Started Create Volatile Files and Directories.
         Starting Update UTMP about System Boot/Shutdown...
[[0;32m  OK  [0m] Started Update UTMP about System Boot/Shutdown.
[[0;32m  OK  [0m] Started Set console font and keymap.
[[0;32m  OK  [0m] Created slice system-getty.slice.
[[0;32m  OK  [0m] Started LSB: AppArmor initialization.
         Starting Load AppArmor profiles managed internally by snapd...
[[0;32m  OK  [0m] Started Load AppArmor profiles managed internally by snapd.
[   10.641457] cloud-init[491]: Cloud-init v. 21.1-19-gbad84ad4-0ubuntu1~16.04.2 running 'init-local' at Sat, 30 Nov 2024 04:16:39 +0000. Up 10.03 seconds.
[[0;32m  OK  [0m] Started Initial cloud-init job (pre-networking).
[[0;32m  OK  [0m] Reached target Network (Pre).
         Starting Raise network interfaces...
[[0;32m  OK  [0m] Started Raise network interfaces.
[[0;32m  OK  [0m] Reached target Network.
         Starting Initial cloud-init job (metadata service crawler)...
[   12.514537] cloud-init[964]: Cloud-init v. 21.1-19-gbad84ad4-0ubuntu1~16.04.2 running 'init' at Sat, 30 Nov 2024 04:16:41 +0000. Up 11.38 seconds.
[   12.516106] cloud-init[964]: ci-info: ++++++++++++++++++++++++++++++++++++++Net device info+++++++++++++++++++++++++++++++++++++++
[   12.517702] cloud-init[964]: ci-info: +--------+-------+----------------------------+---------------+--------+-------------------+
[   12.519181] cloud-init[964]: ci-info: | Device |   Up  |          Address           |      Mask     | Scope  |     Hw-Address    |
[   12.520742] cloud-init[964]: ci-info: +--------+-------+----------------------------+---------------+--------+-------------------+
[   12.522318] cloud-init[964]: ci-info: | enp0s3 |  True |         10.0.2.15          | 255.255.255.0 | global | 02:be:82:6b:cc:1d |
[   12.523901] cloud-init[964]: ci-info: | enp0s3 |  True | fe80::be:82ff:fe6b:cc1d/64 |       .       |  link  | 02:be:82:6b:cc:1d |
[   12.525313] cloud-init[964]: ci-info: | enp0s8 | False |             .              |       .       |   .    | 08:00:27:63:dd:19 |
[   12.526595] cloud-init[964]: ci-info: |   lo   |  True |         127.0.0.1          |   255.0.0.0   |  host  |         .         |
[   12.528120] cloud-init[964]: ci-info: |   lo   |  True |          ::1/128           |       .       |  host  |         .         |
[   12.529582] cloud-init[964]: ci-info: +--------+-------+----------------------------+---------------+--------+-------------------+
[   12.531077] cloud-init[964]: ci-info: +++++++++++++++++++++++++++Route IPv4 info++++++++++++++++++++++++++++
[   12.532446] cloud-init[964]: ci-info: +-------+-------------+----------+---------------+-----------+-------+
[   12.533738] cloud-init[964]: ci-info: | Route | Destination | Gateway  |    Genmask    | Interface | Flags |
[   12.534908] cloud-init[964]: ci-info: +-------+-------------+----------+---------------+-----------+-------+
[   12.536067] cloud-init[964]: ci-info: |   0   |   0.0.0.0   | 10.0.2.2 |    0.0.0.0    |   enp0s3  |   UG  |
[   12.536960] cloud-init[964]: ci-info: |   1   |   10.0.2.0  | 0.0.0.0  | 255.255.255.0 |   enp0s3  |   U   |
[   12.537815] cloud-init[964]: ci-info: +-------+-------------+----------+---------------+-----------+-------+
[   12.539216] cloud-init[964]: ci-info: +++++++++++++++++++Route IPv6 info+++++++++++++++++++
[   12.540484] cloud-init[964]: ci-info: +-------+-------------+---------+-----------+-------+
[   12.541709] cloud-init[964]: ci-info: | Route | Destination | Gateway | Interface | Flags |
[   12.542856] cloud-init[964]: ci-info: +-------+-------------+---------+-----------+-------+
[   12.544170] cloud-init[964]: ci-info: |   0   |  fe80::/64  |    ::   |   enp0s3  |   U   |
[   12.545584] cloud-init[964]: ci-info: |   3   |   ff00::/8  |    ::   |   enp0s3  |   U   |
[   12.546859] cloud-init[964]: ci-info: +-------+-------------+---------+-----------+-------+
[   12.548184] cloud-init[964]: Generating public/private rsa key pair.
[   12.549307] cloud-init[964]: Your identification has been saved in /etc/ssh/ssh_host_rsa_key.
[   12.550630] cloud-init[964]: Your public key has been saved in /etc/ssh/ssh_host_rsa_key.pub.
[   12.551978] cloud-init[964]: The key fingerprint is:
[   12.552704] cloud-init[964]: SHA256:ZjhSSeeMxD9sAiIt4j0SiI/7HwOl9WP2i5zKoRUkvmk root@ubuntu-xenial
[   12.553954] cloud-init[964]: The key's randomart image is:
[   12.554933] cloud-init[964]: +---[RSA 2048]----+
[   12.555838] cloud-init[964]: |o.   .o .        |
[   12.556531] cloud-init[964]: |*.o .o.*         |
[   12.557101] cloud-init[964]: |o=+.+.+oo        |
[   12.557691] cloud-init[964]: |.+.O o..=        |
[   12.558289] cloud-init[964]: | .= + BoS.       |
[   12.558848] cloud-init[964]: |.  + = *         |
[   12.559479] cloud-init[964]: | .E =   .        |
[   12.560111] cloud-init[964]: | ..+ = o .       |
[   12.572207] cloud-init[964]: |  ..+.+ .        |
[   12.572367] cloud-init[964]: +----[SHA256]-----+
[   12.572846] cloud-init[964]: Generating public/private dsa key pair.
[   12.573235] cloud-init[964]: Your identification has been saved in /etc/ssh/ssh_host_dsa_key.
[[0;32m  OK  [0m] Started Initial cloud-init job (metadata service crawler).[   12.573419] cloud-init[964]: Your public key has been saved in /etc/ssh/ssh_host_dsa_key.pub.
[   12.575313] cloud-init[964]: The key fingerprint is:
[   12.575700] cloud-init[964]: SHA256:YdrMfXew1Ads4pTVjD2hfv70h5KnndwHp5bGtBLTdT8 root@ubuntu-xenial
[   12.576089] cloud-init[964]: The key's randomart image is:
[   12.576349] cloud-init[964]: +---[DSA 1024]----+
[   12.576535] cloud-init[964]: |             +o*.|
[   12.576927] cloud-init[964]: |            + =++|
[   12.577252] cloud-init[964]: |        o  o +o +|
[   12.577647] cloud-init[964]: |       * o  o. o+|
[   12.577855] cloud-init[964]: |      . S . .ooo+|
[   12.578156] cloud-init[964]: |           .o.*Eo|
[   12.578493] cloud-init[964]: |             * Oo|
[   12.578802] cloud-init[964]: |            +oX+=|
[   12.579246] cloud-init[964]: |            .B+ *|
[   12.579557] cloud-init[964]: +----[SHA256]-----+
[   12.579860] cloud-init[964]: Generating public/private ecdsa key pair.
[   12.580169] cloud-init[964]: Your identification has been saved in /etc/ssh/ssh_host_ecdsa_key.
[   12.580556] cloud-init[964]: Your public key has been saved in /etc/ssh/ssh_host_ecdsa_key.pub.
[   12.580966] cloud-init[964]: The key fingerprint is:
[   12.581323] cloud-init[964]: SHA256:MC6kl3zFkk0th36Py8veaQRlH+y3Gvm65ahObzGLlL8 root@ubuntu-xenial
[   12.581661] cloud-init[964]: The key's randomart image is:
[   12.582051] cloud-init[964]: +---[ECDSA 256]---+
[   12.582464] cloud-init[964]: |        .o   .   |
[   12.582710] cloud-init[964]: |       =o o o o  |
[   12.582855] cloud-init[964]: |    . =.+o o o . |
[   12.583056] cloud-init[964]: |   + o =. o   o .|
[   12.583267] cloud-init[964]: |  . = o S. +. ...|
[   12.583664] cloud-init[964]: |   . o    .oo= . |
[   12.583765] cloud-init[964]: |         ..+o B. |
[   12.584087] cloud-init[964]: |         .+oo*+. |
[   12.584621] cloud-init[964]: |         .===E+. |
[   12.585029] cloud-init[964]: +----[SHA256]-----+
[   12.585339] cloud-init[964]: Generating public/private ed25519 key pair.
[   12.585706] cloud-init[964]: Your identification has been saved in /etc/ssh/ssh_host_ed25519_key.
[   12.585930] cloud-init[964]: Your public key has been saved in /etc/ssh/ssh_host_ed25519_key.pub.
[   12.586076] cloud-init[964]: The key fingerprint is:
[   12.586217] cloud-init[964]: SHA256:V2uRZ13llcF+jFYSNAMzNsHHfRfZuViO3T4B5FvWF9k root@ubuntu-xenial
[   12.586464] cloud-init[964]: The key's randomart image is:
[   12.586818] cloud-init[964]: +--[ED25519 256]--+
[   12.587193] cloud-init[964]: |           .O***#|
[   12.587295] cloud-init[964]: |           .o*+%E|
[   12.587708] cloud-init[964]: |            +o@BX|
[   12.588160] cloud-init[964]: |           . B**=|
[   12.588503] cloud-init[964]: |        S . oo .o|
[   12.588861] cloud-init[964]: |         . .   ..|
[   12.589077] cloud-init[964]: |                .|
[   12.589459] cloud-init[964]: |                 |
[   12.589765] cloud-init[964]: |                 |
[   12.590141] cloud-init[964]: +----[SHA256]-----+

[[0;32m  OK  [0m] Reached target Cloud-config availability.
[[0;32m  OK  [0m] Reached target Network is Online.
         Starting iSCSI initiator daemon (iscsid)...
[[0;32m  OK  [0m] Reached target System Initialization.
[[0;32m  OK  [0m] Started Message of the Day.
         Starting Socket activation for snappy daemon.
[[0;32m  OK  [0m] Started ACPI Events Check.
[[0;32m  OK  [0m] Reached target Paths.
[[0;32m  OK  [0m] Listening on ACPID Listen Socket.
         Starting LXD - unix socket.
[[0;32m  OK  [0m] Listening on D-Bus System Message Bus Socket.
[[0;32m  OK  [0m] Listening on UUID daemon activation socket.
[[0;32m  OK  [0m] Started Ubuntu Advantage update messaging.
[[0;32m  OK  [0m] Started Daily Cleanup of Temporary Directories.
[[0;32m  OK  [0m] Started Daily apt download activities.
[[0;32m  OK  [0m] Started Daily apt upgrade and clean activities.
[[0;32m  OK  [0m] Reached target Timers.
[[0;32m  OK  [0m] Listening on Socket activation for snappy daemon.
[[0;32m  OK  [0m] Listening on LXD - unix socket.
[[0;32m  OK  [0m] Reached target Sockets.
[[0;32m  OK  [0m] Reached target Basic System.
[[0;32m  OK  [0m] Started FUSE filesystem for LXC.
[[0;32m  OK  [0m] Started Regular background program processing daemon.
         Starting Accounts Service...
[[0;32m  OK  [0m] Started Deferred execution scheduler.
         Starting Pollinate to seed the pseudo random number generator...
[[0;32m  OK  [0m] Started ACPI event daemon.
[[0;32m  OK  [0m] Started D-Bus System Message Bus.
         Starting Login Service...
         Starting Virtualbox guest utils...
         Starting LSB: Record successful boot for GRUB...
         Starting Snap Daemon...
         Starting System Logging Service...
         Starting LXD - container startup/shutdown...
         Starting /etc/rc.local Compatibility...
         Starting LSB: MD monitoring daemon...
[[0;32m  OK  [0m] Started iSCSI initiator daemon (iscsid).
[[0;32m  OK  [0m] Started /etc/rc.local Compatibility.
         Starting Login to default iSCSI targets...
[[0;32m  OK  [0m] Started Login Service.
[[0;32m  OK  [0m] Started Unattended Upgrades Shutdown.
[[0;32m  OK  [0m] Started LSB: MD monitoring daemon.
[[0;32m  OK  [0m] Started Login to default iSCSI targets.
[[0;32m  OK  [0m] Reached target Remote File Systems (Pre).
[[0;32m  OK  [0m] Reached target Remote File Systems.
         Starting LSB: daemon to balance interrupts for SMP systems...
         Starting LSB: Set the CPU Frequency Scaling governor to "ondemand"...
         Starting LSB: automatic crash report generation...
         Starting Permit User Sessions...
[[0;32m  OK  [0m] Started LSB: Set the CPU Frequency Scaling governor to "ondemand".
[[0;32m  OK  [0m] Started Permit User Sessions.
         Starting Terminate Plymouth Boot Screen...
         Starting Hold until boot process finishes up...
[[0;32m  OK  [0m] Started LSB: daemon to balance interrupts for SMP systems.
[[0;32m  OK  [0m] Started Terminate Plymouth Boot Screen.
[[0;32m  OK  [0m] Started Hold until boot process finishes up.
[[0;32m  OK  [0m] Started Getty on tty1.
         Starting Set console scheme...
[[0;32m  OK  [0m] Started Serial Getty on ttyS0.
[[0;32m  OK  [0m] Reached target Login Prompts.
[[0;32m  OK  [0m] Started Set console scheme.
[[0;32m  OK  [0m] Started LSB: Record successful boot for GRUB.
[[0;32m  OK  [0m] Started System Logging Service.
[[0;32m  OK  [0m] Started LSB: automatic crash report generation.
         Starting Authenticate and Authorize Users to Run Privileged Tasks...
[[0;32m  OK  [0m] Started Authenticate and Authorize Users to Run Privileged Tasks.
[[0;32m  OK  [0m] Started Accounts Service.
[[0;32m  OK  [0m] Started Virtualbox guest utils.
[[0;32m  OK  [0m] Started Pollinate to seed the pseudo random number generator.
         Starting OpenBSD Secure Shell server...
[[0;32m  OK  [0m] Started OpenBSD Secure Shell server.
[[0;32m  OK  [0m] Started LXD - container startup/shutdown.
[[0;32m  OK  [0m] Started Snap Daemon.
         Starting Wait until snapd is fully seeded...
[[0;32m  OK  [0m] Created slice User Slice of vagrant.
         Starting User Manager for UID 1000...
[[0;32m  OK  [0m] Started Session 1 of user vagrant.
[[0;32m  OK  [0m] Started User Manager for UID 1000.
[[0;32m  OK  [0m] Started Wait until snapd is fully seeded.
         Starting Apply the settings specified in cloud-config...
[[0;32m  OK  [0m] Reached target Multi-User System.
[[0;32m  OK  [0m] Reached target Graphical Interface.
         Starting Update UTMP about System Runlevel Changes...
[[0;32m  OK  [0m] Started Update UTMP about System Runlevel Changes.
[   18.329421] cloud-init[1440]: Generating locales (this might take a while)...
[   19.143958] cloud-init[1440]:   en_US.UTF-8... done
[   19.144556] cloud-init[1440]: Generation complete.

Ubuntu 16.04.7 LTS ubuntu-xenial ttyS0

ubuntu-xenial login: [   19.962455] cloud-init[1440]: Cloud-init v. 21.1-19-gbad84ad4-0ubuntu1~16.04.2 running 'modules:config' at Sat, 30 Nov 2024 04:16:47 +0000. Up 18.16 seconds.
ci-info: no authorized SSH keys fingerprints found for user ubuntu.
<14>Nov 30 04:16:50 ec2: 
<14>Nov 30 04:16:50 ec2: #############################################################
<14>Nov 30 04:16:50 ec2: -----BEGIN SSH HOST KEY FINGERPRINTS-----
<14>Nov 30 04:16:50 ec2: 1024 SHA256:YdrMfXew1Ads4pTVjD2hfv70h5KnndwHp5bGtBLTdT8 root@ubuntu-xenial (DSA)
<14>Nov 30 04:16:50 ec2: 256 SHA256:MC6kl3zFkk0th36Py8veaQRlH+y3Gvm65ahObzGLlL8 root@ubuntu-xenial (ECDSA)
<14>Nov 30 04:16:50 ec2: 256 SHA256:V2uRZ13llcF+jFYSNAMzNsHHfRfZuViO3T4B5FvWF9k root@ubuntu-xenial (ED25519)
<14>Nov 30 04:16:50 ec2: 2048 SHA256:ZjhSSeeMxD9sAiIt4j0SiI/7HwOl9WP2i5zKoRUkvmk root@ubuntu-xenial (RSA)
<14>Nov 30 04:16:50 ec2: -----END SSH HOST KEY FINGERPRINTS-----
<14>Nov 30 04:16:50 ec2: #############################################################
-----BEGIN SSH HOST KEY KEYS-----
ecdsa-sha2-nistp256 AAAAE2VjZHNhLXNoYTItbmlzdHAyNTYAAAAIbmlzdHAyNTYAAABBBEiBwVTg3VAY1QF2RH4KavjsfyOQvXM7I5oCc5uhh//oZ6L7tG9vTEzTBS4gugcU5ZYXMYZzk7iH+IuCF8epgYs= root@ubuntu-xenial
ssh-ed25519 AAAAC3NzaC1lZDI1NTE5AAAAILFRVMgaTyqET/QpiHlyxpwnQxFeZOZR7djU6U03EV2g root@ubuntu-xenial
ssh-rsa AAAAB3NzaC1yc2EAAAADAQABAAABAQCfsfcKBRy/fTOb8+SjGLSoC1P7YAlf4yosQTkoTAnpNlD8hY7mk0vaf2gvi+YMc02OXZ11DM9IbRJ/GGbSe261eQhfuZ3y0V+E+QbmgGey5vCREpjMJaLV0AExCLZcnwvV97YXQpHL3+38ZhY+oHz/KBeVb5kA4UZwCjxj5BQqaM5XTHR42AyXxz7cnTYrPVS1FRP80vG+A/VDUDdk0d9rE1g2kje2VaqgoHaP8YLhVng/T7nSjpvVRgRkOy0+b2g4OjiZsX46zKMP6tfkWLfDKNsnfmvc72vT6lhxbDqQG7aNfG6fPtVTHhk5hgR9/Yy67IJSwwCMChs4gelqfVc9 root@ubuntu-xenial
-----END SSH HOST KEY KEYS-----
[   20.436471] cloud-init[1600]: Cloud-init v. 21.1-19-gbad84ad4-0ubuntu1~16.04.2 running 'modules:final' at Sat, 30 Nov 2024 04:16:50 +0000. Up 20.24 seconds.
[   20.438473] cloud-init[1600]: ci-info: no authorized SSH keys fingerprints found for user ubuntu.
[   20.440170] cloud-init[1600]: Cloud-init v. 21.1-19-gbad84ad4-0ubuntu1~16.04.2 finished at Sat, 30 Nov 2024 04:16:50 +0000. Datasource DataSourceNoCloud [seed=/dev/sdb][dsmode=net].  Up 20.42 seconds
